// Jest Snapshot v1, https://goo.gl/fbAQLP

exports[`Box should match the snapshot 1`] = `
ShallowWrapper {
  Symbol(enzyme.__root__): [Circular],
  Symbol(enzyme.__unrendered__): <Box />,
  Symbol(enzyme.__renderer__): Object {
    "batchedUpdates": [Function],
    "getNode": [Function],
    "render": [Function],
    "simulateError": [Function],
    "simulateEvent": [Function],
    "unmount": [Function],
  },
  Symbol(enzyme.__node__): Object {
    "instance": null,
    "key": undefined,
    "nodeType": "class",
    "props": Object {
      "children": <main
        className="box"
      >
        <section>
          <h1>
            SWAPI-Box
          </h1>
          <FavoritesButton
            numFavorites={0}
            onClick={[Function]}
          />
        </section>
        <section>
          <CategoryButton
            category="people"
            onClick={[Function]}
          />
          <CategoryButton
            category="planets"
            onClick={[Function]}
          />
          <CategoryButton
            category="vehicles"
            onClick={[Function]}
          />
        </section>
        <Switch>
          <Route
            exact={true}
            path="/"
            render={[Function]}
          />
          if
          <Route
            path="/:category(favorites|people|planets|vehicles)"
            render={[Function]}
          />
          <Route
            render={[Function]}
          />
        </Switch>
      </main>,
    },
    "ref": null,
    "rendered": Object {
      "instance": null,
      "key": undefined,
      "nodeType": "host",
      "props": Object {
        "children": Array [
          <section>
            <h1>
              SWAPI-Box
            </h1>
            <FavoritesButton
              numFavorites={0}
              onClick={[Function]}
            />
          </section>,
          <section>
            <CategoryButton
              category="people"
              onClick={[Function]}
            />
            <CategoryButton
              category="planets"
              onClick={[Function]}
            />
            <CategoryButton
              category="vehicles"
              onClick={[Function]}
            />
          </section>,
          <Switch>
            <Route
              exact={true}
              path="/"
              render={[Function]}
            />
            if
            <Route
              path="/:category(favorites|people|planets|vehicles)"
              render={[Function]}
            />
            <Route
              render={[Function]}
            />
          </Switch>,
        ],
        "className": "box",
      },
      "ref": null,
      "rendered": Array [
        Object {
          "instance": null,
          "key": undefined,
          "nodeType": "host",
          "props": Object {
            "children": Array [
              <h1>
                SWAPI-Box
              </h1>,
              <FavoritesButton
                numFavorites={0}
                onClick={[Function]}
              />,
            ],
          },
          "ref": null,
          "rendered": Array [
            Object {
              "instance": null,
              "key": undefined,
              "nodeType": "host",
              "props": Object {
                "children": "SWAPI-Box",
              },
              "ref": null,
              "rendered": "SWAPI-Box",
              "type": "h1",
            },
            Object {
              "instance": null,
              "key": undefined,
              "nodeType": "function",
              "props": Object {
                "numFavorites": 0,
                "onClick": [Function],
              },
              "ref": null,
              "rendered": null,
              "type": [Function],
            },
          ],
          "type": "section",
        },
        Object {
          "instance": null,
          "key": undefined,
          "nodeType": "host",
          "props": Object {
            "children": Array [
              <CategoryButton
                category="people"
                onClick={[Function]}
              />,
              <CategoryButton
                category="planets"
                onClick={[Function]}
              />,
              <CategoryButton
                category="vehicles"
                onClick={[Function]}
              />,
            ],
          },
          "ref": null,
          "rendered": Array [
            Object {
              "instance": null,
              "key": undefined,
              "nodeType": "function",
              "props": Object {
                "category": "people",
                "onClick": [Function],
              },
              "ref": null,
              "rendered": null,
              "type": [Function],
            },
            Object {
              "instance": null,
              "key": undefined,
              "nodeType": "function",
              "props": Object {
                "category": "planets",
                "onClick": [Function],
              },
              "ref": null,
              "rendered": null,
              "type": [Function],
            },
            Object {
              "instance": null,
              "key": undefined,
              "nodeType": "function",
              "props": Object {
                "category": "vehicles",
                "onClick": [Function],
              },
              "ref": null,
              "rendered": null,
              "type": [Function],
            },
          ],
          "type": "section",
        },
        Object {
          "instance": null,
          "key": undefined,
          "nodeType": "class",
          "props": Object {
            "children": Array [
              <Route
                exact={true}
                path="/"
                render={[Function]}
              />,
              "if",
              <Route
                path="/:category(favorites|people|planets|vehicles)"
                render={[Function]}
              />,
              <Route
                render={[Function]}
              />,
            ],
          },
          "ref": null,
          "rendered": Array [
            Object {
              "instance": null,
              "key": undefined,
              "nodeType": "class",
              "props": Object {
                "exact": true,
                "path": "/",
                "render": [Function],
              },
              "ref": null,
              "rendered": null,
              "type": [Function],
            },
            "if",
            Object {
              "instance": null,
              "key": undefined,
              "nodeType": "class",
              "props": Object {
                "path": "/:category(favorites|people|planets|vehicles)",
                "render": [Function],
              },
              "ref": null,
              "rendered": null,
              "type": [Function],
            },
            Object {
              "instance": null,
              "key": undefined,
              "nodeType": "class",
              "props": Object {
                "render": [Function],
              },
              "ref": null,
              "rendered": null,
              "type": [Function],
            },
          ],
          "type": [Function],
        },
      ],
      "type": "main",
    },
    "type": [Function],
  },
  Symbol(enzyme.__nodes__): Array [
    Object {
      "instance": null,
      "key": undefined,
      "nodeType": "class",
      "props": Object {
        "children": <main
          className="box"
        >
          <section>
            <h1>
              SWAPI-Box
            </h1>
            <FavoritesButton
              numFavorites={0}
              onClick={[Function]}
            />
          </section>
          <section>
            <CategoryButton
              category="people"
              onClick={[Function]}
            />
            <CategoryButton
              category="planets"
              onClick={[Function]}
            />
            <CategoryButton
              category="vehicles"
              onClick={[Function]}
            />
          </section>
          <Switch>
            <Route
              exact={true}
              path="/"
              render={[Function]}
            />
            if
            <Route
              path="/:category(favorites|people|planets|vehicles)"
              render={[Function]}
            />
            <Route
              render={[Function]}
            />
          </Switch>
        </main>,
      },
      "ref": null,
      "rendered": Object {
        "instance": null,
        "key": undefined,
        "nodeType": "host",
        "props": Object {
          "children": Array [
            <section>
              <h1>
                SWAPI-Box
              </h1>
              <FavoritesButton
                numFavorites={0}
                onClick={[Function]}
              />
            </section>,
            <section>
              <CategoryButton
                category="people"
                onClick={[Function]}
              />
              <CategoryButton
                category="planets"
                onClick={[Function]}
              />
              <CategoryButton
                category="vehicles"
                onClick={[Function]}
              />
            </section>,
            <Switch>
              <Route
                exact={true}
                path="/"
                render={[Function]}
              />
              if
              <Route
                path="/:category(favorites|people|planets|vehicles)"
                render={[Function]}
              />
              <Route
                render={[Function]}
              />
            </Switch>,
          ],
          "className": "box",
        },
        "ref": null,
        "rendered": Array [
          Object {
            "instance": null,
            "key": undefined,
            "nodeType": "host",
            "props": Object {
              "children": Array [
                <h1>
                  SWAPI-Box
                </h1>,
                <FavoritesButton
                  numFavorites={0}
                  onClick={[Function]}
                />,
              ],
            },
            "ref": null,
            "rendered": Array [
              Object {
                "instance": null,
                "key": undefined,
                "nodeType": "host",
                "props": Object {
                  "children": "SWAPI-Box",
                },
                "ref": null,
                "rendered": "SWAPI-Box",
                "type": "h1",
              },
              Object {
                "instance": null,
                "key": undefined,
                "nodeType": "function",
                "props": Object {
                  "numFavorites": 0,
                  "onClick": [Function],
                },
                "ref": null,
                "rendered": null,
                "type": [Function],
              },
            ],
            "type": "section",
          },
          Object {
            "instance": null,
            "key": undefined,
            "nodeType": "host",
            "props": Object {
              "children": Array [
                <CategoryButton
                  category="people"
                  onClick={[Function]}
                />,
                <CategoryButton
                  category="planets"
                  onClick={[Function]}
                />,
                <CategoryButton
                  category="vehicles"
                  onClick={[Function]}
                />,
              ],
            },
            "ref": null,
            "rendered": Array [
              Object {
                "instance": null,
                "key": undefined,
                "nodeType": "function",
                "props": Object {
                  "category": "people",
                  "onClick": [Function],
                },
                "ref": null,
                "rendered": null,
                "type": [Function],
              },
              Object {
                "instance": null,
                "key": undefined,
                "nodeType": "function",
                "props": Object {
                  "category": "planets",
                  "onClick": [Function],
                },
                "ref": null,
                "rendered": null,
                "type": [Function],
              },
              Object {
                "instance": null,
                "key": undefined,
                "nodeType": "function",
                "props": Object {
                  "category": "vehicles",
                  "onClick": [Function],
                },
                "ref": null,
                "rendered": null,
                "type": [Function],
              },
            ],
            "type": "section",
          },
          Object {
            "instance": null,
            "key": undefined,
            "nodeType": "class",
            "props": Object {
              "children": Array [
                <Route
                  exact={true}
                  path="/"
                  render={[Function]}
                />,
                "if",
                <Route
                  path="/:category(favorites|people|planets|vehicles)"
                  render={[Function]}
                />,
                <Route
                  render={[Function]}
                />,
              ],
            },
            "ref": null,
            "rendered": Array [
              Object {
                "instance": null,
                "key": undefined,
                "nodeType": "class",
                "props": Object {
                  "exact": true,
                  "path": "/",
                  "render": [Function],
                },
                "ref": null,
                "rendered": null,
                "type": [Function],
              },
              "if",
              Object {
                "instance": null,
                "key": undefined,
                "nodeType": "class",
                "props": Object {
                  "path": "/:category(favorites|people|planets|vehicles)",
                  "render": [Function],
                },
                "ref": null,
                "rendered": null,
                "type": [Function],
              },
              Object {
                "instance": null,
                "key": undefined,
                "nodeType": "class",
                "props": Object {
                  "render": [Function],
                },
                "ref": null,
                "rendered": null,
                "type": [Function],
              },
            ],
            "type": [Function],
          },
        ],
        "type": "main",
      },
      "type": [Function],
    },
  ],
  Symbol(enzyme.__options__): Object {
    "adapter": ReactSixteenAdapter {
      "options": Object {
        "enableComponentDidUpdateOnSetState": true,
        "lifecycles": Object {
          "componentDidUpdate": Object {
            "onSetState": true,
          },
          "getDerivedStateFromProps": true,
          "getSnapshotBeforeUpdate": true,
          "setState": Object {
            "skipsComponentDidUpdateOnNullish": true,
          },
        },
      },
    },
  },
}
`;
