// Jest Snapshot v1, https://goo.gl/fbAQLP

exports[`ResultsContainer should match the snapshot with all data passed in correctly 1`] = `
ShallowWrapper {
  Symbol(enzyme.__root__): [Circular],
  Symbol(enzyme.__unrendered__): <ResultsContainer
    category="people"
    error={null}
    isLoaded={true}
    onClick={[MockFunction]}
    resources={
      Array [
        Object {
          "category": "planets",
          "isFavorite": false,
          "name": "Alderaan",
        },
        Object {
          "category": "planets",
          "isFavorite": false,
          "name": "Dagobah",
        },
        Object {
          "category": "planets",
          "isFavorite": false,
          "name": "Endor",
        },
      ]
    }
  />,
  Symbol(enzyme.__renderer__): Object {
    "batchedUpdates": [Function],
    "getNode": [Function],
    "render": [Function],
    "simulateError": [Function],
    "simulateEvent": [Function],
    "unmount": [Function],
  },
  Symbol(enzyme.__node__): Object {
    "instance": null,
    "key": undefined,
    "nodeType": "host",
    "props": Object {
      "children": "Pick a category",
    },
    "ref": null,
    "rendered": "Pick a category",
    "type": "article",
  },
  Symbol(enzyme.__nodes__): Array [
    Object {
      "instance": null,
      "key": undefined,
      "nodeType": "host",
      "props": Object {
        "children": "Pick a category",
      },
      "ref": null,
      "rendered": "Pick a category",
      "type": "article",
    },
  ],
  Symbol(enzyme.__options__): Object {
    "adapter": ReactSixteenAdapter {
      "options": Object {
        "enableComponentDidUpdateOnSetState": true,
        "lifecycles": Object {
          "componentDidUpdate": Object {
            "onSetState": true,
          },
          "getDerivedStateFromProps": true,
          "getSnapshotBeforeUpdate": true,
          "setState": Object {
            "skipsComponentDidUpdateOnNullish": true,
          },
        },
      },
    },
  },
}
`;
