// Jest Snapshot v1, https://goo.gl/fbAQLP

exports[`CategoryButton should match the snapshot with all data passed in correctly 1`] = `
ShallowWrapper {
  Symbol(enzyme.__root__): [Circular],
  Symbol(enzyme.__unrendered__): <CategoryButton
    category="people"
    onClick={[MockFunction]}
  />,
  Symbol(enzyme.__renderer__): Object {
    "batchedUpdates": [Function],
    "getNode": [Function],
    "render": [Function],
    "simulateError": [Function],
    "simulateEvent": [Function],
    "unmount": [Function],
  },
  Symbol(enzyme.__node__): Object {
    "instance": null,
    "key": undefined,
    "nodeType": "function",
    "props": Object {
      "activeClassName": "active",
      "aria-current": "page",
      "children": <button
        className="btn--category"
        onClick={[MockFunction]}
        type="button"
      >
        people
      </button>,
      "className": "link--category",
      "to": "/people",
    },
    "ref": null,
    "rendered": Object {
      "instance": null,
      "key": undefined,
      "nodeType": "host",
      "props": Object {
        "children": "people",
        "className": "btn--category",
        "onClick": [MockFunction],
        "type": "button",
      },
      "ref": null,
      "rendered": "people",
      "type": "button",
    },
    "type": [Function],
  },
  Symbol(enzyme.__nodes__): Array [
    Object {
      "instance": null,
      "key": undefined,
      "nodeType": "function",
      "props": Object {
        "activeClassName": "active",
        "aria-current": "page",
        "children": <button
          className="btn--category"
          onClick={[MockFunction]}
          type="button"
        >
          people
        </button>,
        "className": "link--category",
        "to": "/people",
      },
      "ref": null,
      "rendered": Object {
        "instance": null,
        "key": undefined,
        "nodeType": "host",
        "props": Object {
          "children": "people",
          "className": "btn--category",
          "onClick": [MockFunction],
          "type": "button",
        },
        "ref": null,
        "rendered": "people",
        "type": "button",
      },
      "type": [Function],
    },
  ],
  Symbol(enzyme.__options__): Object {
    "adapter": ReactSixteenAdapter {
      "options": Object {
        "enableComponentDidUpdateOnSetState": true,
        "lifecycles": Object {
          "componentDidUpdate": Object {
            "onSetState": true,
          },
          "getDerivedStateFromProps": true,
          "getSnapshotBeforeUpdate": true,
          "setState": Object {
            "skipsComponentDidUpdateOnNullish": true,
          },
        },
      },
    },
  },
}
`;
