// Jest Snapshot v1, https://goo.gl/fbAQLP

exports[`FavoritesButton should match the snapshot with all data passed in correctly 1`] = `
ShallowWrapper {
  Symbol(enzyme.__root__): [Circular],
  Symbol(enzyme.__unrendered__): <FavoritesButton
    numFavorites={3}
    onClick={[MockFunction]}
  />,
  Symbol(enzyme.__renderer__): Object {
    "batchedUpdates": [Function],
    "getNode": [Function],
    "render": [Function],
    "simulateError": [Function],
    "simulateEvent": [Function],
    "unmount": [Function],
  },
  Symbol(enzyme.__node__): Object {
    "instance": null,
    "key": undefined,
    "nodeType": "function",
    "props": Object {
      "activeClassName": "active",
      "aria-current": "page",
      "children": <button
        className="btn--favorite"
        onClick={[MockFunction]}
        type="button"
      >
        Show Favorites (
        3
        )
      </button>,
      "className": "link--favorite",
      "to": "/favorites",
    },
    "ref": null,
    "rendered": Object {
      "instance": null,
      "key": undefined,
      "nodeType": "host",
      "props": Object {
        "children": Array [
          "Show Favorites (",
          3,
          ")",
        ],
        "className": "btn--favorite",
        "onClick": [MockFunction],
        "type": "button",
      },
      "ref": null,
      "rendered": Array [
        "Show Favorites (",
        3,
        ")",
      ],
      "type": "button",
    },
    "type": [Function],
  },
  Symbol(enzyme.__nodes__): Array [
    Object {
      "instance": null,
      "key": undefined,
      "nodeType": "function",
      "props": Object {
        "activeClassName": "active",
        "aria-current": "page",
        "children": <button
          className="btn--favorite"
          onClick={[MockFunction]}
          type="button"
        >
          Show Favorites (
          3
          )
        </button>,
        "className": "link--favorite",
        "to": "/favorites",
      },
      "ref": null,
      "rendered": Object {
        "instance": null,
        "key": undefined,
        "nodeType": "host",
        "props": Object {
          "children": Array [
            "Show Favorites (",
            3,
            ")",
          ],
          "className": "btn--favorite",
          "onClick": [MockFunction],
          "type": "button",
        },
        "ref": null,
        "rendered": Array [
          "Show Favorites (",
          3,
          ")",
        ],
        "type": "button",
      },
      "type": [Function],
    },
  ],
  Symbol(enzyme.__options__): Object {
    "adapter": ReactSixteenAdapter {
      "options": Object {
        "enableComponentDidUpdateOnSetState": true,
        "lifecycles": Object {
          "componentDidUpdate": Object {
            "onSetState": true,
          },
          "getDerivedStateFromProps": true,
          "getSnapshotBeforeUpdate": true,
          "setState": Object {
            "skipsComponentDidUpdateOnNullish": true,
          },
        },
      },
    },
  },
}
`;
